C51 COMPILER V9.54   SYN6288                                                               12/08/2021 14:10:26 PAGE 1   


C51 COMPILER V9.54, COMPILATION OF MODULE SYN6288
OBJECT MODULE PLACED IN ..\out\SYN6288.obj
COMPILER INVOKED BY: D:\arm\mdk5\C51\BIN\C51.EXE ..\source\SYN6288.c LARGE OPTIMIZE(8,SPEED) BROWSE DEBUG OBJECTEXTEND P
                    -RINT(.\SYN6288.lst) OBJECT(..\out\SYN6288.obj)

line level    source

   1          #include "reg51.h"
   2          #include <string.h>
   3          #include"SYN6288.h"
   4          
   5          #define uchar unsigned char
   6          #define uint unsigned int
   7          
   8          /**************芯片设置命令*********************/
   9          uchar SYN_StopCom[] = {0xFD, 0X00, 0X02, 0X02, 0XFD}; //停止合成
  10          uchar SYN_SuspendCom[] = {0XFD, 0X00, 0X02, 0X03, 0XFC}; //暂停合成
  11          uchar SYN_RecoverCom[] = {0XFD, 0X00, 0X02, 0X04, 0XFB}; //恢复合成
  12          uchar SYN_ChackCom[] = {0XFD, 0X00, 0X02, 0X21, 0XDE}; //状态查询
  13          uchar SYN_PowerDownCom[] = {0XFD, 0X00, 0X02, 0X88, 0X77}; //进入POWER DOWN 状态命令
  14          
  15          //串口1初始化
  16          void UART1_Init(void)
  17          {
  18   1              SCON = 0x50;            //8位数据,可变波特率
  19   1              TMOD |= 0x20;           //设定定时器1为8位自动重装方式
  20   1              TL1 = 0xFD;             //设定定时初值
  21   1              TH1 = 0xFD;             //设定定时器重装值
  22   1              ET1 = 0;                //禁止定时器1中断
  23   1              TR1 = 1;                //启动定时器1
  24   1              ES = 1;
  25   1              EA = 1;
  26   1      }
  27          
  28          //串口2发送一字节数据
  29          void UART1_SendByte(uchar DAT)
  30          {
  31   1              SBUF = DAT;
  32   1              while(TI == 0);
  33   1              TI=0;
  34   1      }
  35          
  36          //串口2发送字符串数据
  37          void UART1_SendString(uchar *DAT, uchar len)
  38          {
  39   1              uchar i;
  40   1              for(i = 0; i < len; i++)
  41   1              {
  42   2                      UART1_SendByte(*DAT++);
  43   2              }
  44   1      }
  45          
  46          //串口1中断
  47          void Uart1_Isr() interrupt 4
  48          {
  49   1              if(RI)
  50   1              {
  51   2                      RI=0;
  52   2              }
  53   1      
  54   1      }
C51 COMPILER V9.54   SYN6288                                                               12/08/2021 14:10:26 PAGE 2   

  55          
  56          
  57          //Music:  0:无背景音乐  1~15:选择背景音乐
  58          void SYN_FrameInfo(uchar Music, uchar *HZdata)
  59          {
  60   1              /****************需要发送的文本**********************************/
  61   1              uchar  Frame_Info[50];
  62   1              uchar  HZ_Length;
  63   1              uchar  ecc  = 0;                        //定义校验字节
  64   1              uint i = 0;
  65   1              HZ_Length = strlen((char*)HZdata);                      //需要发送文本的长度
  66   1      
  67   1              /*****************帧固定配置信息**************************************/
  68   1              Frame_Info[0] = 0xFD ;                  //构造帧头FD
  69   1              Frame_Info[1] = 0x00 ;                  //构造数据区长度的高字节
  70   1              Frame_Info[2] = HZ_Length + 3;          //构造数据区长度的低字节
  71   1              Frame_Info[3] = 0x01 ;                  //构造命令字：合成播放命令
  72   1              Frame_Info[4] = 0x01 | Music << 4 ; //构造命令参数：背景音乐设定
  73   1      
  74   1              /*******************校验码计算***************************************/
  75   1              for(i = 0; i < 5; i++)                                  //依次发送构造好的5个帧头字节
  76   1              {
  77   2                      ecc = ecc ^ (Frame_Info[i]);            //对发送的字节进行异或校验
  78   2              }
  79   1      
  80   1              for(i = 0; i < HZ_Length; i++)                  //依次发送待合成的文本数据
  81   1              {
  82   2                      ecc = ecc ^ (HZdata[i]);                                //对发送的字节进行异或校验
  83   2              }
  84   1              /*******************发送帧信息***************************************/
  85   1              memcpy(&Frame_Info[5], HZdata, HZ_Length);
  86   1              Frame_Info[5 + HZ_Length] = ecc;
  87   1              UART1_SendString(Frame_Info, 5 + HZ_Length + 1);
  88   1      }
  89          
  90          
  91          /***********************************************************
  92          * 名    称： YS_SYN_Set(uchar *Info_data)
  93          * 功    能： 主函数     程序入口
  94          * 入口参数： *Info_data:固定的配置信息变量
  95          * 出口参数：
  96          * 说    明：本函数用于配置，停止合成、暂停合成等设置 ，默认波特率9600bps。
  97          * 调用方法：通过调用已经定义的相关数组进行配置。
  98          **********************************************************/
  99          void YS_SYN_Set(uchar *Info_data)
 100          {
 101   1              uchar Com_Len;
 102   1              Com_Len = strlen((char*)Info_data);
 103   1              UART1_SendString(Info_data, Com_Len);
 104   1      }
 105                          //选择背景音乐2。(0：无背景音乐  1-15：背景音乐可选)
 106                          //m[0~16]:0背景音乐为静音，16背景音乐音量最大
 107                          //v[0~16]:0朗读音量为静音，16朗读音量最大
 108                          //t[0~5]:0朗读语速最慢，5朗读语速最快
 109                          //其他不常用功能请参考数据手册
 110                          //SYN_FrameInfo(2, "[v5][t5]欢迎使用绿深旗舰店SYN6288语音合成模块");
 111                          //暂停合成，此时没有用到，用于展示函数用法
 112                          //YS_SYN_Set(SYN_SuspendCom);


MODULE INFORMATION:   STATIC OVERLAYABLE
   CODE SIZE        =    319    ----
C51 COMPILER V9.54   SYN6288                                                               12/08/2021 14:10:26 PAGE 3   

   CONSTANT SIZE    =   ----    ----
   XDATA SIZE       =     25      62
   PDATA SIZE       =   ----    ----
   DATA SIZE        =   ----    ----
   IDATA SIZE       =   ----    ----
   BIT SIZE         =   ----    ----
END OF MODULE INFORMATION.


C51 COMPILATION COMPLETE.  0 WARNING(S),  0 ERROR(S)
